[{"stream_name":"stderr","time":7.063314412,"data":"0.00s - Debugger warning: It seems that frozen modules are being used, which may\n"}
,{"stream_name":"stderr","time":7.063366802,"data":"0.00s - make the debugger miss breakpoints. Please pass -Xfrozen_modules=off\n"}
,{"stream_name":"stderr","time":7.063374107,"data":"0.00s - to python to disable frozen modules.\n"}
,{"stream_name":"stderr","time":7.063378577,"data":"0.00s - Note: Debugging will proceed. Set PYDEVD_DISABLE_FILE_VALIDATION=1 to disable this validation.\n"}
,{"stream_name":"stderr","time":7.656991665,"data":"0.00s - Debugger warning: It seems that frozen modules are being used, which may\n"}
,{"stream_name":"stderr","time":7.657039428,"data":"0.00s - make the debugger miss breakpoints. Please pass -Xfrozen_modules=off\n"}
,{"stream_name":"stderr","time":7.657045241,"data":"0.00s - to python to disable frozen modules.\n"}
,{"stream_name":"stderr","time":7.657050136,"data":"0.00s - Note: Debugging will proceed. Set PYDEVD_DISABLE_FILE_VALIDATION=1 to disable this validation.\n"}
,{"stream_name":"stdout","time":8.742587385,"data":"  OK   : src/models/transformer.py (0.0 MB)\n"}
,{"stream_name":"stdout","time":8.742634737,"data":"  OK   : src/data_utils.py (0.0 MB)\n"}
,{"stream_name":"stdout","time":8.742639971,"data":"  OK   : tokenizer/tokenizer.json (1.9 MB)\n"}
,{"stream_name":"stdout","time":8.742643894,"data":"  OK   : data/processed/train.txt (44.2 MB)\n"}
,{"stream_name":"stdout","time":8.742647319,"data":"  OK   : data/processed/val.txt (5.2 MB)\n"}
,{"stream_name":"stdout","time":8.74265131,"data":"\n"}
,{"stream_name":"stdout","time":8.742654707,"data":"Tat ca file san sang!\n"}
,{"stream_name":"stdout","time":13.500508611,"data":"==================================================\n"}
,{"stream_name":"stdout","time":13.500552464,"data":"  d=512 | H=8 | N=6 | batch=64\n"}
,{"stream_name":"stdout","time":13.500558174,"data":"  device=cuda\n"}
,{"stream_name":"stdout","time":13.500562193,"data":"==================================================\n"}
,{"stream_name":"stderr","time":13.543619952,"data":"[08:27:20] INFO     Khoi tao DataLoader (batch_size=64, max_len=64) ...\n"}
,{"stream_name":"stderr","time":13.543658743,"data":"\n"}
,{"stream_name":"stderr","time":13.543665014,"data":"[08:27:20] INFO     Khoi tao DataLoader (batch_size=64, max_len=64) ...\n"}
,{"stream_name":"stdout","time":13.702549928,"data":"Dang nap DataLoader...\n"}
,{"stream_name":"stderr","time":13.703610703,"data":"[08:27:20] INFO     Nap tokenizer: /kaggle/input/datasets/nyxshade01/multilingual/tokenizer/tokenizer.json (vocab=32000)\n"}
,{"stream_name":"stderr","time":13.703647113,"data":"\n"}
,{"stream_name":"stderr","time":13.703650847,"data":"[08:27:20] INFO     Nap tokenizer: /kaggle/input/datasets/nyxshade01/multilingual/tokenizer/tokenizer.json (vocab=32000)\n"}
,{"stream_name":"stderr","time":14.601039949,"data":"[08:27:21] INFO     Dataset 'train.txt': 255000 mau hop le, bo qua 0 dong.\n"}
,{"stream_name":"stderr","time":14.601100416,"data":"\n"}
,{"stream_name":"stderr","time":14.601106794,"data":"[08:27:21] INFO     Dataset 'train.txt': 255000 mau hop le, bo qua 0 dong.\n"}
,{"stream_name":"stderr","time":14.601922376,"data":"[08:27:21] INFO     Nap tokenizer: /kaggle/input/datasets/nyxshade01/multilingual/tokenizer/tokenizer.json (vocab=32000)\n"}
,{"stream_name":"stderr","time":14.601952691,"data":"\n"}
,{"stream_name":"stderr","time":14.601956894,"data":"[08:27:21] INFO     Nap tokenizer: /kaggle/input/datasets/nyxshade01/multilingual/tokenizer/tokenizer.json (vocab=32000)\n"}
,{"stream_name":"stderr","time":14.758883483,"data":"[08:27:21] INFO     Dataset 'val.txt': 30000 mau hop le, bo qua 0 dong.\n"}
,{"stream_name":"stderr","time":14.758937023,"data":"\n"}
,{"stream_name":"stderr","time":14.758941198,"data":"[08:27:21] INFO     Dataset 'val.txt': 30000 mau hop le, bo qua 0 dong.\n"}
,{"stream_name":"stderr","time":14.765145616,"data":"[08:27:21] INFO     Nap tokenizer: /kaggle/input/datasets/nyxshade01/multilingual/tokenizer/tokenizer.json (vocab=32000)\n"}
,{"stream_name":"stderr","time":14.765174309,"data":"\n"}
,{"stream_name":"stderr","time":14.765178908,"data":"[08:27:21] INFO     Nap tokenizer: /kaggle/input/datasets/nyxshade01/multilingual/tokenizer/tokenizer.json (vocab=32000)\n"}
,{"stream_name":"stderr","time":14.827306609,"data":"[08:27:21] INFO     Dataset 'test.txt': 15000 mau hop le, bo qua 0 dong.\n"}
,{"stream_name":"stderr","time":14.827344677,"data":"\n"}
,{"stream_name":"stderr","time":14.827349082,"data":"[08:27:21] INFO     Dataset 'test.txt': 15000 mau hop le, bo qua 0 dong.\n"}
,{"stream_name":"stderr","time":14.829103504,"data":"[08:27:21] INFO     Hoan tat:\n"}
,{"stream_name":"stderr","time":14.829124262,"data":"  Train : 255000 mau | 3985 batch\n"}
,{"stream_name":"stderr","time":14.829129127,"data":"  Val   :  30000 mau |  469 batch\n"}
,{"stream_name":"stderr","time":14.829133049,"data":"  Test  :  15000 mau |  235 batch\n"}
,{"stream_name":"stderr","time":14.82913658,"data":"\n"}
,{"stream_name":"stderr","time":14.829139845,"data":"[08:27:21] INFO     Hoan tat:\n"}
,{"stream_name":"stderr","time":14.829143169,"data":"  Train : 255000 mau | 3985 batch\n"}
,{"stream_name":"stderr","time":14.829146614999999,"data":"  Val   :  30000 mau |  469 batch\n"}
,{"stream_name":"stderr","time":14.829151414,"data":"  Test  :  15000 mau |  235 batch\n"}
]